Copyright 1986-2022 Xilinx, Inc. All Rights Reserved. Copyright 2022-2025 Advanced Micro Devices, Inc. All Rights Reserved.
---------------------------------------------------------------------------------------------------------------------------------------------
| Tool Version : Vivado v.2025.1 (win64) Build 6140274 Thu May 22 00:12:29 MDT 2025
| Date         : Mon Nov 24 20:49:09 2025
| Host         : DESKTOP-A85US4I running 64-bit major release  (build 9200)
| Command      : report_control_sets -verbose -file top_control_sets_placed.rpt
| Design       : top
| Device       : xc7a100t
---------------------------------------------------------------------------------------------------------------------------------------------

Control Set Information

Table of Contents
-----------------
1. Summary
2. Histogram
3. Flip-Flop Distribution
4. Detailed Control Set Information

1. Summary
----------

+----------------------------------------------------------+-------+
|                          Status                          | Count |
+----------------------------------------------------------+-------+
| Total control sets                                       |   133 |
|    Minimum number of control sets                        |   133 |
|    Addition due to synthesis replication                 |     0 |
|    Addition due to physical synthesis replication        |     0 |
| Unused register locations in slices containing registers |    64 |
+----------------------------------------------------------+-------+
* Control sets can be merged at opt_design using control_set_merge or merge_equivalent_drivers
** Run report_qor_suggestions for automated merging and remapping suggestions


2. Histogram
------------

+--------------------+-------+
|       Fanout       | Count |
+--------------------+-------+
| Total control sets |   133 |
| >= 0 to < 4        |     1 |
| >= 4 to < 6        |     5 |
| >= 6 to < 8        |     1 |
| >= 8 to < 10       |    68 |
| >= 10 to < 12      |     1 |
| >= 12 to < 14      |     0 |
| >= 14 to < 16      |     0 |
| >= 16              |    57 |
+--------------------+-------+
* Control sets can be remapped at either synth_design or opt_design


3. Flip-Flop Distribution
-------------------------

+--------------+-----------------------+------------------------+-----------------+--------------+
| Clock Enable | Synchronous Set/Reset | Asynchronous Set/Reset | Total Registers | Total Slices |
+--------------+-----------------------+------------------------+-----------------+--------------+
| No           | No                    | No                     |            4625 |         1493 |
| No           | No                    | Yes                    |              31 |           16 |
| No           | Yes                   | No                     |            1061 |          564 |
| Yes          | No                    | No                     |            1408 |          729 |
| Yes          | No                    | Yes                    |            1842 |          663 |
| Yes          | Yes                   | No                     |            1497 |         1065 |
+--------------+-----------------------+------------------------+-----------------+--------------+


4. Detailed Control Set Information
-----------------------------------

+----------------------+----------------------------------------------------------------------------------------------------+--------------------------------------------------------------------------------------------------------------------------------+------------------+----------------+--------------+
|     Clock Signal     |                                            Enable Signal                                           |                                                        Set/Reset Signal                                                        | Slice Load Count | Bel Load Count | Bels / Slice |
+----------------------+----------------------------------------------------------------------------------------------------+--------------------------------------------------------------------------------------------------------------------------------+------------------+----------------+--------------+
|  CLK100MHZ_IBUF_BUFG | u_tx/tx_i_1_n_0                                                                                    | rst_IBUF                                                                                                                       |                1 |              1 |         1.00 |
|  CLK100MHZ_IBUF_BUFG | u_tx/E[0]                                                                                          | rst_IBUF                                                                                                                       |                1 |              4 |         4.00 |
|  CLK100MHZ_IBUF_BUFG | u_rx/bitpos[3]_i_1_n_0                                                                             | rst_IBUF                                                                                                                       |                1 |              4 |         4.00 |
|  CLK100MHZ_IBUF_BUFG | u_rx/FSM_sequential_state_reg[1][0]                                                                | rst_IBUF                                                                                                                       |                1 |              4 |         4.00 |
|  CLK100MHZ_IBUF_BUFG | u_rx/sample[3]_i_1_n_0                                                                             | rst_IBUF                                                                                                                       |                2 |              4 |         2.00 |
|  CLK100MHZ_IBUF_BUFG | u_tx/tx_byte_counter_reg[2][0]                                                                     | rst_IBUF                                                                                                                       |                2 |              4 |         2.00 |
|  CLK100MHZ_IBUF_BUFG |                                                                                                    | u_keystream_fifo/U0/inst_fifo_gen/gconvfifo.rf/grf.rf/rstblk/ngwrdrst.grst.g7serrst.gsckt_wrst.gcc_rst.sckt_wr_rst_cc_reg[0]_0 |                3 |              6 |         2.00 |
|  CLK100MHZ_IBUF_BUFG | u_rx/E[6]                                                                                          | rst_IBUF                                                                                                                       |                2 |              8 |         4.00 |
|  CLK100MHZ_IBUF_BUFG | u_rx/E[12]                                                                                         | rst_IBUF                                                                                                                       |                3 |              8 |         2.67 |
|  CLK100MHZ_IBUF_BUFG | u_rx/E[9]                                                                                          | rst_IBUF                                                                                                                       |                2 |              8 |         4.00 |
|  CLK100MHZ_IBUF_BUFG | u_rx/E[10]                                                                                         | rst_IBUF                                                                                                                       |                3 |              8 |         2.67 |
|  CLK100MHZ_IBUF_BUFG | u_rx/rx_byte_counter_reg[0]_4[3]                                                                   | rst_IBUF                                                                                                                       |                3 |              8 |         2.67 |
|  CLK100MHZ_IBUF_BUFG | u_rx/rx_byte_counter_reg[0]_4[4]                                                                   | rst_IBUF                                                                                                                       |                5 |              8 |         1.60 |
|  CLK100MHZ_IBUF_BUFG | u_rx/E[0]                                                                                          | rst_IBUF                                                                                                                       |                3 |              8 |         2.67 |
|  CLK100MHZ_IBUF_BUFG | u_rx/E[8]                                                                                          | rst_IBUF                                                                                                                       |                1 |              8 |         8.00 |
|  CLK100MHZ_IBUF_BUFG | u_rx/E[5]                                                                                          | rst_IBUF                                                                                                                       |                2 |              8 |         4.00 |
|  CLK100MHZ_IBUF_BUFG | u_rx/rx_byte_counter_reg[0]_3[0]                                                                   | rst_IBUF                                                                                                                       |                3 |              8 |         2.67 |
|  CLK100MHZ_IBUF_BUFG | u_rx/rx_byte_counter_reg[0]_4[0]                                                                   | rst_IBUF                                                                                                                       |                4 |              8 |         2.00 |
|  CLK100MHZ_IBUF_BUFG | u_rx/E[7]                                                                                          | rst_IBUF                                                                                                                       |                3 |              8 |         2.67 |
|  CLK100MHZ_IBUF_BUFG | u_rx/rx_byte_counter_reg[0]_4[1]                                                                   | rst_IBUF                                                                                                                       |                3 |              8 |         2.67 |
|  CLK100MHZ_IBUF_BUFG | u_rx/rx_byte_counter_reg[0]_0[0]                                                                   | rst_IBUF                                                                                                                       |                3 |              8 |         2.67 |
|  CLK100MHZ_IBUF_BUFG | u_rx/rx_byte_counter_reg[0]_2[0]                                                                   | rst_IBUF                                                                                                                       |                3 |              8 |         2.67 |
|  CLK100MHZ_IBUF_BUFG | u_rx/E[14]                                                                                         | rst_IBUF                                                                                                                       |                1 |              8 |         8.00 |
|  CLK100MHZ_IBUF_BUFG | u_rx/rx_byte_counter_reg[2]_6[0]                                                                   | rst_IBUF                                                                                                                       |                4 |              8 |         2.00 |
|  CLK100MHZ_IBUF_BUFG | u_rx/rx_byte_counter_reg[0]_9[0]                                                                   | rst_IBUF                                                                                                                       |                2 |              8 |         4.00 |
|  CLK100MHZ_IBUF_BUFG | u_rx/rx_byte_counter_reg[1]_9[0]                                                                   | rst_IBUF                                                                                                                       |                3 |              8 |         2.67 |
|  CLK100MHZ_IBUF_BUFG | u_rx/rx_byte_counter_reg[1]_1[0]                                                                   | rst_IBUF                                                                                                                       |                2 |              8 |         4.00 |
|  CLK100MHZ_IBUF_BUFG | u_rx/rx_byte_counter_reg[1]_3[0]                                                                   | rst_IBUF                                                                                                                       |                1 |              8 |         8.00 |
|  CLK100MHZ_IBUF_BUFG | u_rx/rx_byte_counter_reg[2][0]                                                                     | rst_IBUF                                                                                                                       |                3 |              8 |         2.67 |
|  CLK100MHZ_IBUF_BUFG | u_rx/rx_byte_counter_reg[1]_8[0]                                                                   | rst_IBUF                                                                                                                       |                2 |              8 |         4.00 |
|  CLK100MHZ_IBUF_BUFG | u_rx/rx_byte_counter_reg[2]_0[0]                                                                   | rst_IBUF                                                                                                                       |                4 |              8 |         2.00 |
|  CLK100MHZ_IBUF_BUFG | u_rx/rx_byte_counter_reg[1][0]                                                                     | rst_IBUF                                                                                                                       |                1 |              8 |         8.00 |
|  CLK100MHZ_IBUF_BUFG | u_rx/rx_byte_counter_reg[2]_4[0]                                                                   | rst_IBUF                                                                                                                       |                2 |              8 |         4.00 |
|  CLK100MHZ_IBUF_BUFG | u_rx/rx_byte_counter_reg[0]_6[0]                                                                   | rst_IBUF                                                                                                                       |                2 |              8 |         4.00 |
|  CLK100MHZ_IBUF_BUFG | u_rx/rx_byte_counter_reg[1]_6[0]                                                                   | rst_IBUF                                                                                                                       |                2 |              8 |         4.00 |
|  CLK100MHZ_IBUF_BUFG | u_rx/rx_byte_counter_reg[2]_2[0]                                                                   | rst_IBUF                                                                                                                       |                3 |              8 |         2.67 |
|  CLK100MHZ_IBUF_BUFG | u_rx/rx_byte_counter_reg[2]_3[0]                                                                   | rst_IBUF                                                                                                                       |                2 |              8 |         4.00 |
|  CLK100MHZ_IBUF_BUFG | u_rx/rx_byte_counter_reg[0]_4[15]                                                                  | rst_IBUF                                                                                                                       |                1 |              8 |         8.00 |
|  CLK100MHZ_IBUF_BUFG | u_rx/rx_byte_counter_reg[1]_5[0]                                                                   | rst_IBUF                                                                                                                       |                1 |              8 |         8.00 |
|  CLK100MHZ_IBUF_BUFG | u_rx/rx_byte_counter_reg[2]_5[0]                                                                   | rst_IBUF                                                                                                                       |                3 |              8 |         2.67 |
|  CLK100MHZ_IBUF_BUFG | u_rx/rx_byte_counter_reg[0]_4[13]                                                                  | rst_IBUF                                                                                                                       |                1 |              8 |         8.00 |
|  CLK100MHZ_IBUF_BUFG | u_rx/rx_byte_counter_reg[1]_11[0]                                                                  | rst_IBUF                                                                                                                       |                4 |              8 |         2.00 |
|  CLK100MHZ_IBUF_BUFG | u_rx/rx_byte_counter_reg[1]_4[0]                                                                   | rst_IBUF                                                                                                                       |                2 |              8 |         4.00 |
|  CLK100MHZ_IBUF_BUFG | u_rx/rx_byte_counter_reg[0]_4[14]                                                                  | rst_IBUF                                                                                                                       |                1 |              8 |         8.00 |
|  CLK100MHZ_IBUF_BUFG | u_rx/rx_byte_counter_reg[1]_12[0]                                                                  | rst_IBUF                                                                                                                       |                2 |              8 |         4.00 |
|  CLK100MHZ_IBUF_BUFG | u_rx/rx_byte_counter_reg[2]_1[0]                                                                   | rst_IBUF                                                                                                                       |                2 |              8 |         4.00 |
|  CLK100MHZ_IBUF_BUFG | u_rx/rx_byte_counter_reg[0]_8[0]                                                                   | rst_IBUF                                                                                                                       |                3 |              8 |         2.67 |
|  CLK100MHZ_IBUF_BUFG | u_rx/rx_byte_counter_reg[1]_2[0]                                                                   | rst_IBUF                                                                                                                       |                4 |              8 |         2.00 |
|  CLK100MHZ_IBUF_BUFG | u_rx/rx_byte_counter_reg[0]_7[0]                                                                   | rst_IBUF                                                                                                                       |                4 |              8 |         2.00 |
|  CLK100MHZ_IBUF_BUFG | u_rx/rx_byte_counter_reg[1]_0[0]                                                                   | rst_IBUF                                                                                                                       |                3 |              8 |         2.67 |
|  CLK100MHZ_IBUF_BUFG | u_rx/rx_byte_counter_reg[0]_5[0]                                                                   | rst_IBUF                                                                                                                       |                2 |              8 |         4.00 |
|  CLK100MHZ_IBUF_BUFG | u_rx/rx_byte_counter_reg[1]_10[0]                                                                  | rst_IBUF                                                                                                                       |                1 |              8 |         8.00 |
|  CLK100MHZ_IBUF_BUFG | u_tx/data[7]_i_1__0_n_0                                                                            | rst_IBUF                                                                                                                       |                2 |              8 |         4.00 |
|  CLK100MHZ_IBUF_BUFG | u_tx/tx_wr_en_reg[0]                                                                               | rst_IBUF                                                                                                                       |                4 |              8 |         2.00 |
|  CLK100MHZ_IBUF_BUFG | u_rx/rx_byte_counter_reg[0]_4[6]                                                                   | rst_IBUF                                                                                                                       |                1 |              8 |         8.00 |
|  CLK100MHZ_IBUF_BUFG | u_rx/rdy0_out                                                                                      | rst_IBUF                                                                                                                       |                3 |              8 |         2.67 |
|  CLK100MHZ_IBUF_BUFG | u_rx/rx_byte_counter_reg[0]_4[2]                                                                   | rst_IBUF                                                                                                                       |                4 |              8 |         2.00 |
|  CLK100MHZ_IBUF_BUFG | u_rx/rx_byte_counter_reg[0][0]                                                                     | rst_IBUF                                                                                                                       |                4 |              8 |         2.00 |
|  CLK100MHZ_IBUF_BUFG | u_rx/rx_byte_counter_reg[0]_4[5]                                                                   | rst_IBUF                                                                                                                       |                5 |              8 |         1.60 |
|  CLK100MHZ_IBUF_BUFG | u_rx/rx_byte_counter_reg[0]_4[9]                                                                   | rst_IBUF                                                                                                                       |                4 |              8 |         2.00 |
|  CLK100MHZ_IBUF_BUFG | u_rx/E[4]                                                                                          | rst_IBUF                                                                                                                       |                3 |              8 |         2.67 |
|  CLK100MHZ_IBUF_BUFG | u_rx/E[3]                                                                                          | rst_IBUF                                                                                                                       |                2 |              8 |         4.00 |
|  CLK100MHZ_IBUF_BUFG | u_rx/rx_byte_counter_reg[0]_4[7]                                                                   | rst_IBUF                                                                                                                       |                4 |              8 |         2.00 |
|  CLK100MHZ_IBUF_BUFG | u_rx/E[13]                                                                                         | rst_IBUF                                                                                                                       |                1 |              8 |         8.00 |
|  CLK100MHZ_IBUF_BUFG | u_rx/rx_byte_counter_reg[0]_1[0]                                                                   | rst_IBUF                                                                                                                       |                4 |              8 |         2.00 |
|  CLK100MHZ_IBUF_BUFG | u_rx/E[15]                                                                                         | rst_IBUF                                                                                                                       |                2 |              8 |         4.00 |
|  CLK100MHZ_IBUF_BUFG | u_rx/rx_byte_counter_reg[1]_7[0]                                                                   | rst_IBUF                                                                                                                       |                1 |              8 |         8.00 |
|  CLK100MHZ_IBUF_BUFG | u_rx/rx_byte_counter_reg[0]_4[8]                                                                   | rst_IBUF                                                                                                                       |                3 |              8 |         2.67 |
|  CLK100MHZ_IBUF_BUFG | u_rx/rx_byte_counter_reg[0]_4[10]                                                                  | rst_IBUF                                                                                                                       |                2 |              8 |         4.00 |
|  CLK100MHZ_IBUF_BUFG | u_rx/rx_byte_counter_reg[0]_4[11]                                                                  | rst_IBUF                                                                                                                       |                3 |              8 |         2.67 |
|  CLK100MHZ_IBUF_BUFG | u_rx/rx_byte_counter_reg[0]_4[12]                                                                  | rst_IBUF                                                                                                                       |                2 |              8 |         4.00 |
|  CLK100MHZ_IBUF_BUFG | u_rx/E[1]                                                                                          | rst_IBUF                                                                                                                       |                2 |              8 |         4.00 |
|  CLK100MHZ_IBUF_BUFG | u_rx/E[11]                                                                                         | rst_IBUF                                                                                                                       |                1 |              8 |         8.00 |
|  CLK100MHZ_IBUF_BUFG | u_rx/E[2]                                                                                          | rst_IBUF                                                                                                                       |                3 |              8 |         2.67 |
|  CLK100MHZ_IBUF_BUFG | ks_gen_counter[10]_i_1_n_0                                                                         | rst_IBUF                                                                                                                       |                2 |              9 |         4.50 |
|  CLK100MHZ_IBUF_BUFG | u_tx/process_blk_cnt_reg[10][0]                                                                    | rst_IBUF                                                                                                                       |                3 |             11 |         3.67 |
|  CLK100MHZ_IBUF_BUFG | u_keystream_fifo/U0/inst_fifo_gen/gconvfifo.rf/grf.rf/gntv_or_sync_fifo.gl0.wr/gwss.wsts/E[0]      | u_keystream_fifo/U0/inst_fifo_gen/gconvfifo.rf/grf.rf/rstblk/ngwrdrst.grst.g7serrst.gsckt_wrst.gcc_rst.sckt_wr_rst_cc_reg[0]_0 |                4 |             20 |         5.00 |
|  CLK100MHZ_IBUF_BUFG | U_Global_Key_Expansion/i[5]_i_1_n_0                                                                | rst_IBUF                                                                                                                       |                7 |             20 |         2.86 |
|  CLK100MHZ_IBUF_BUFG | u_keystream_fifo/U0/inst_fifo_gen/gconvfifo.rf/grf.rf/gntv_or_sync_fifo.gl0.rd/grss.rsts/ram_rd_en | u_keystream_fifo/U0/inst_fifo_gen/gconvfifo.rf/grf.rf/rstblk/ngwrdrst.grst.g7serrst.gsckt_wrst.gcc_rst.sckt_wr_rst_cc_reg[0]_0 |                6 |             24 |         4.00 |
|  CLK100MHZ_IBUF_BUFG | U_Global_Key_Expansion/w[12][31]_i_1_n_0                                                           |                                                                                                                                |               15 |             32 |         2.13 |
|  CLK100MHZ_IBUF_BUFG | U_Global_Key_Expansion/w[5][31]_i_1_n_0                                                            |                                                                                                                                |               20 |             32 |         1.60 |
|  CLK100MHZ_IBUF_BUFG | U_Global_Key_Expansion/w[0][31]_i_1_n_0                                                            |                                                                                                                                |               17 |             32 |         1.88 |
|  CLK100MHZ_IBUF_BUFG | U_Global_Key_Expansion/w[11][31]_i_1_n_0                                                           |                                                                                                                                |               20 |             32 |         1.60 |
|  CLK100MHZ_IBUF_BUFG | U_Global_Key_Expansion/w[10][31]_i_1_n_0                                                           |                                                                                                                                |               20 |             32 |         1.60 |
|  CLK100MHZ_IBUF_BUFG | U_Global_Key_Expansion/w[13][31]_i_1_n_0                                                           |                                                                                                                                |               14 |             32 |         2.29 |
|  CLK100MHZ_IBUF_BUFG | U_Global_Key_Expansion/w[14][31]_i_1_n_0                                                           |                                                                                                                                |               13 |             32 |         2.46 |
|  CLK100MHZ_IBUF_BUFG | U_Global_Key_Expansion/w[16][31]_i_1_n_0                                                           |                                                                                                                                |               16 |             32 |         2.00 |
|  CLK100MHZ_IBUF_BUFG | U_Global_Key_Expansion/w[17][31]_i_1_n_0                                                           |                                                                                                                                |               17 |             32 |         1.88 |
|  CLK100MHZ_IBUF_BUFG | U_Global_Key_Expansion/w[18][31]_i_1_n_0                                                           |                                                                                                                                |               20 |             32 |         1.60 |
|  CLK100MHZ_IBUF_BUFG | U_Global_Key_Expansion/w[15][31]_i_1_n_0                                                           |                                                                                                                                |               15 |             32 |         2.13 |
|  CLK100MHZ_IBUF_BUFG | U_Global_Key_Expansion/w[23][31]_i_1_n_0                                                           |                                                                                                                                |               17 |             32 |         1.88 |
|  CLK100MHZ_IBUF_BUFG | U_Global_Key_Expansion/w[24][31]_i_1_n_0                                                           |                                                                                                                                |               14 |             32 |         2.29 |
|  CLK100MHZ_IBUF_BUFG | U_Global_Key_Expansion/w[25][31]_i_1_n_0                                                           |                                                                                                                                |               16 |             32 |         2.00 |
|  CLK100MHZ_IBUF_BUFG | U_Global_Key_Expansion/w[21][31]_i_1_n_0                                                           |                                                                                                                                |               22 |             32 |         1.45 |
|  CLK100MHZ_IBUF_BUFG | U_Global_Key_Expansion/w[27][31]_i_1_n_0                                                           |                                                                                                                                |               20 |             32 |         1.60 |
|  CLK100MHZ_IBUF_BUFG | U_Global_Key_Expansion/w[22][31]_i_1_n_0                                                           |                                                                                                                                |               16 |             32 |         2.00 |
|  CLK100MHZ_IBUF_BUFG | U_Global_Key_Expansion/w[26][31]_i_1_n_0                                                           |                                                                                                                                |               20 |             32 |         1.60 |
|  CLK100MHZ_IBUF_BUFG | U_Global_Key_Expansion/w[28][31]_i_1_n_0                                                           |                                                                                                                                |                9 |             32 |         3.56 |
|  CLK100MHZ_IBUF_BUFG | U_Global_Key_Expansion/w[29][31]_i_1_n_0                                                           |                                                                                                                                |               11 |             32 |         2.91 |
|  CLK100MHZ_IBUF_BUFG | U_Global_Key_Expansion/w[19][31]_i_1_n_0                                                           |                                                                                                                                |               15 |             32 |         2.13 |
|  CLK100MHZ_IBUF_BUFG | U_Global_Key_Expansion/w[1][31]_i_1_n_0                                                            |                                                                                                                                |               14 |             32 |         2.29 |
|  CLK100MHZ_IBUF_BUFG | U_Global_Key_Expansion/w[20][31]_i_1_n_0                                                           |                                                                                                                                |               13 |             32 |         2.46 |
|  CLK100MHZ_IBUF_BUFG | U_Global_Key_Expansion/w[37][31]_i_1_n_0                                                           |                                                                                                                                |               16 |             32 |         2.00 |
|  CLK100MHZ_IBUF_BUFG | U_Global_Key_Expansion/w[34][31]_i_1_n_0                                                           |                                                                                                                                |               12 |             32 |         2.67 |
|  CLK100MHZ_IBUF_BUFG | U_Global_Key_Expansion/w[36][31]_i_1_n_0                                                           |                                                                                                                                |               18 |             32 |         1.78 |
|  CLK100MHZ_IBUF_BUFG | U_Global_Key_Expansion/w[35][31]_i_1_n_0                                                           |                                                                                                                                |               21 |             32 |         1.52 |
|  CLK100MHZ_IBUF_BUFG | U_Global_Key_Expansion/w[39][31]_i_1_n_0                                                           |                                                                                                                                |               12 |             32 |         2.67 |
|  CLK100MHZ_IBUF_BUFG | U_Global_Key_Expansion/w[32][31]_i_1_n_0                                                           |                                                                                                                                |               18 |             32 |         1.78 |
|  CLK100MHZ_IBUF_BUFG | U_Global_Key_Expansion/w[38][31]_i_1_n_0                                                           |                                                                                                                                |               16 |             32 |         2.00 |
|  CLK100MHZ_IBUF_BUFG | U_Global_Key_Expansion/w[31][31]_i_1_n_0                                                           |                                                                                                                                |               16 |             32 |         2.00 |
|  CLK100MHZ_IBUF_BUFG | U_Global_Key_Expansion/w[3][31]_i_1_n_0                                                            |                                                                                                                                |               11 |             32 |         2.91 |
|  CLK100MHZ_IBUF_BUFG | U_Global_Key_Expansion/w[33][31]_i_1_n_0                                                           |                                                                                                                                |               14 |             32 |         2.29 |
|  CLK100MHZ_IBUF_BUFG | U_Global_Key_Expansion/w[30][31]_i_1_n_0                                                           |                                                                                                                                |               21 |             32 |         1.52 |
|  CLK100MHZ_IBUF_BUFG | U_Global_Key_Expansion/w[40][31]_i_1_n_0                                                           |                                                                                                                                |               16 |             32 |         2.00 |
|  CLK100MHZ_IBUF_BUFG | U_Global_Key_Expansion/w[41][31]_i_1_n_0                                                           |                                                                                                                                |               15 |             32 |         2.13 |
|  CLK100MHZ_IBUF_BUFG | U_Global_Key_Expansion/w[43][31]_i_1_n_0                                                           |                                                                                                                                |               24 |             32 |         1.33 |
|  CLK100MHZ_IBUF_BUFG | U_Global_Key_Expansion/w[42][31]_i_1_n_0                                                           |                                                                                                                                |               19 |             32 |         1.68 |
|  CLK100MHZ_IBUF_BUFG | U_Global_Key_Expansion/w[6][31]_i_1_n_0                                                            |                                                                                                                                |               17 |             32 |         1.88 |
|  CLK100MHZ_IBUF_BUFG | U_Global_Key_Expansion/w[7][31]_i_1_n_0                                                            |                                                                                                                                |               20 |             32 |         1.60 |
|  CLK100MHZ_IBUF_BUFG | U_Global_Key_Expansion/w[2][31]_i_1_n_0                                                            |                                                                                                                                |               13 |             32 |         2.46 |
|  CLK100MHZ_IBUF_BUFG | U_Global_Key_Expansion/w[9][31]_i_1_n_0                                                            |                                                                                                                                |               19 |             32 |         1.68 |
|  CLK100MHZ_IBUF_BUFG | U_Global_Key_Expansion/w[4][31]_i_1_n_0                                                            |                                                                                                                                |               17 |             32 |         1.88 |
|  CLK100MHZ_IBUF_BUFG | U_Global_Key_Expansion/w[8][31]_i_1_n_0                                                            |                                                                                                                                |               20 |             32 |         1.60 |
|  CLK100MHZ_IBUF_BUFG | U_Global_Key_Expansion/E[0]                                                                        | rst_IBUF                                                                                                                       |               57 |            128 |         2.25 |
|  CLK100MHZ_IBUF_BUFG | u_ghash_core/done_reg_0[0]                                                                         | rst_IBUF                                                                                                                       |               55 |            128 |         2.33 |
|  CLK100MHZ_IBUF_BUFG | current_pipeline[127]_i_1_n_0                                                                      | rst_IBUF                                                                                                                       |               40 |            128 |         3.20 |
|  CLK100MHZ_IBUF_BUFG | u_ghash_core/FSM_sequential_state_reg[1][0]                                                        | rst_IBUF                                                                                                                       |               49 |            128 |         2.61 |
|  CLK100MHZ_IBUF_BUFG | u_ghash_core/E[0]                                                                                  | rst_IBUF                                                                                                                       |               56 |            128 |         2.29 |
|  CLK100MHZ_IBUF_BUFG | ghash_valid_in_reg_n_0                                                                             | rst_IBUF                                                                                                                       |               90 |            139 |         1.54 |
|  CLK100MHZ_IBUF_BUFG | pipe_in_data[3][127]_i_1_n_0                                                                       | rst_IBUF                                                                                                                       |              141 |            511 |         3.62 |
|  CLK100MHZ_IBUF_BUFG |                                                                                                    | rst_IBUF                                                                                                                       |              577 |           1086 |         1.88 |
|  CLK100MHZ_IBUF_BUFG | U_Global_Key_Expansion/expand_done_i_1_n_0                                                         | rst_IBUF                                                                                                                       |             1039 |           1408 |         1.36 |
|  CLK100MHZ_IBUF_BUFG |                                                                                                    |                                                                                                                                |             1493 |           4626 |         3.10 |
+----------------------+----------------------------------------------------------------------------------------------------+--------------------------------------------------------------------------------------------------------------------------------+------------------+----------------+--------------+


